Archive member included to satisfy reference by file (symbol)

c:/st/stm32cubeide_1.7.0/stm32cubeide/plugins/com.st.stm32cube.ide.mcu.externaltools.gnu-tools-for-stm32.9-2020-q2-update.win32_2.0.0.202105311346/tools/bin/../lib/gcc/arm-none-eabi/9.3.1/../../../../arm-none-eabi/lib/thumb/v7e-m+fp/hard\libc_nano.a(lib_a-errno.o)
                              ./Core/Src/syscalls.o (__errno)
c:/st/stm32cubeide_1.7.0/stm32cubeide/plugins/com.st.stm32cube.ide.mcu.externaltools.gnu-tools-for-stm32.9-2020-q2-update.win32_2.0.0.202105311346/tools/bin/../lib/gcc/arm-none-eabi/9.3.1/../../../../arm-none-eabi/lib/thumb/v7e-m+fp/hard\libc_nano.a(lib_a-exit.o)
                              c:/st/stm32cubeide_1.7.0/stm32cubeide/plugins/com.st.stm32cube.ide.mcu.externaltools.gnu-tools-for-stm32.9-2020-q2-update.win32_2.0.0.202105311346/tools/bin/../lib/gcc/arm-none-eabi/9.3.1/../../../../arm-none-eabi/lib/thumb/v7e-m+fp/hard/crt0.o (exit)
c:/st/stm32cubeide_1.7.0/stm32cubeide/plugins/com.st.stm32cube.ide.mcu.externaltools.gnu-tools-for-stm32.9-2020-q2-update.win32_2.0.0.202105311346/tools/bin/../lib/gcc/arm-none-eabi/9.3.1/../../../../arm-none-eabi/lib/thumb/v7e-m+fp/hard\libc_nano.a(lib_a-impure.o)
                              c:/st/stm32cubeide_1.7.0/stm32cubeide/plugins/com.st.stm32cube.ide.mcu.externaltools.gnu-tools-for-stm32.9-2020-q2-update.win32_2.0.0.202105311346/tools/bin/../lib/gcc/arm-none-eabi/9.3.1/../../../../arm-none-eabi/lib/thumb/v7e-m+fp/hard\libc_nano.a(lib_a-exit.o) (_global_impure_ptr)
c:/st/stm32cubeide_1.7.0/stm32cubeide/plugins/com.st.stm32cube.ide.mcu.externaltools.gnu-tools-for-stm32.9-2020-q2-update.win32_2.0.0.202105311346/tools/bin/../lib/gcc/arm-none-eabi/9.3.1/../../../../arm-none-eabi/lib/thumb/v7e-m+fp/hard\libc_nano.a(lib_a-init.o)
                              c:/st/stm32cubeide_1.7.0/stm32cubeide/plugins/com.st.stm32cube.ide.mcu.externaltools.gnu-tools-for-stm32.9-2020-q2-update.win32_2.0.0.202105311346/tools/bin/../lib/gcc/arm-none-eabi/9.3.1/../../../../arm-none-eabi/lib/thumb/v7e-m+fp/hard/crt0.o (__libc_init_array)
c:/st/stm32cubeide_1.7.0/stm32cubeide/plugins/com.st.stm32cube.ide.mcu.externaltools.gnu-tools-for-stm32.9-2020-q2-update.win32_2.0.0.202105311346/tools/bin/../lib/gcc/arm-none-eabi/9.3.1/../../../../arm-none-eabi/lib/thumb/v7e-m+fp/hard\libc_nano.a(lib_a-memset.o)
                              c:/st/stm32cubeide_1.7.0/stm32cubeide/plugins/com.st.stm32cube.ide.mcu.externaltools.gnu-tools-for-stm32.9-2020-q2-update.win32_2.0.0.202105311346/tools/bin/../lib/gcc/arm-none-eabi/9.3.1/../../../../arm-none-eabi/lib/thumb/v7e-m+fp/hard/crt0.o (memset)
c:/st/stm32cubeide_1.7.0/stm32cubeide/plugins/com.st.stm32cube.ide.mcu.externaltools.gnu-tools-for-stm32.9-2020-q2-update.win32_2.0.0.202105311346/tools/bin/../lib/gcc/arm-none-eabi/9.3.1/thumb/v7e-m+fp/hard\libgcc.a(_arm_muldf3.o)
                              ./Core/Lib/STLibs/PWM/pwm.o (__aeabi_dmul)
c:/st/stm32cubeide_1.7.0/stm32cubeide/plugins/com.st.stm32cube.ide.mcu.externaltools.gnu-tools-for-stm32.9-2020-q2-update.win32_2.0.0.202105311346/tools/bin/../lib/gcc/arm-none-eabi/9.3.1/thumb/v7e-m+fp/hard\libgcc.a(_arm_addsubdf3.o)
                              ./Core/Lib/STLibs/PWM/pwm.o (__aeabi_i2d)
c:/st/stm32cubeide_1.7.0/stm32cubeide/plugins/com.st.stm32cube.ide.mcu.externaltools.gnu-tools-for-stm32.9-2020-q2-update.win32_2.0.0.202105311346/tools/bin/../lib/gcc/arm-none-eabi/9.3.1/thumb/v7e-m+fp/hard\libgcc.a(_arm_fixdfsi.o)
                              ./Core/Lib/STLibs/PWM/pwm.o (__aeabi_d2iz)
c:/st/stm32cubeide_1.7.0/stm32cubeide/plugins/com.st.stm32cube.ide.mcu.externaltools.gnu-tools-for-stm32.9-2020-q2-update.win32_2.0.0.202105311346/tools/bin/../lib/gcc/arm-none-eabi/9.3.1/thumb/v7e-m+fp/hard\libgcc.a(_arm_fixunsdfsi.o)
                              ./Core/Lib/STLibs/PWM/pwm.o (__aeabi_d2uiz)
c:/st/stm32cubeide_1.7.0/stm32cubeide/plugins/com.st.stm32cube.ide.mcu.externaltools.gnu-tools-for-stm32.9-2020-q2-update.win32_2.0.0.202105311346/tools/bin/../lib/gcc/arm-none-eabi/9.3.1/thumb/v7e-m+fp/hard\libgcc.a(_aeabi_uldivmod.o)
                              ./Drivers/STM32F4xx_HAL_Driver/Src/stm32f4xx_hal_rcc.o (__aeabi_uldivmod)
c:/st/stm32cubeide_1.7.0/stm32cubeide/plugins/com.st.stm32cube.ide.mcu.externaltools.gnu-tools-for-stm32.9-2020-q2-update.win32_2.0.0.202105311346/tools/bin/../lib/gcc/arm-none-eabi/9.3.1/thumb/v7e-m+fp/hard\libgcc.a(_udivmoddi4.o)
                              c:/st/stm32cubeide_1.7.0/stm32cubeide/plugins/com.st.stm32cube.ide.mcu.externaltools.gnu-tools-for-stm32.9-2020-q2-update.win32_2.0.0.202105311346/tools/bin/../lib/gcc/arm-none-eabi/9.3.1/thumb/v7e-m+fp/hard\libgcc.a(_aeabi_uldivmod.o) (__udivmoddi4)
c:/st/stm32cubeide_1.7.0/stm32cubeide/plugins/com.st.stm32cube.ide.mcu.externaltools.gnu-tools-for-stm32.9-2020-q2-update.win32_2.0.0.202105311346/tools/bin/../lib/gcc/arm-none-eabi/9.3.1/thumb/v7e-m+fp/hard\libgcc.a(_dvmd_tls.o)
[...]
Memory Configuration

Name             Origin             Length             Attributes
RAM              0x0000000020000000 0x0000000000018000 xrw
FLASH            0x0000000008000000 0x0000000000080000 xr
*default*        0x0000000000000000 0xffffffffffffffff

Linker script and memory map

LOAD c:/st/stm32cubeide_1.7.0/stm32cubeide/plugins/com.st.stm32cube.ide.mcu.externaltools.gnu-tools-for-stm32.9-2020-q2-update.win32_2.0.0.202105311346/tools/bin/../lib/gcc/arm-none-eabi/9.3.1/thumb/v7e-m+fp/hard/crti.o
LOAD c:/st/stm32cubeide_1.7.0/stm32cubeide/plugins/com.st.stm32cube.ide.mcu.externaltools.gnu-tools-for-stm32.9-2020-q2-update.win32_2.0.0.202105311346/tools/bin/../lib/gcc/arm-none-eabi/9.3.1/thumb/v7e-m+fp/hard/crtbegin.o
LOAD c:/st/stm32cubeide_1.7.0/stm32cubeide/plugins/com.st.stm32cube.ide.mcu.externaltools.gnu-tools-for-stm32.9-2020-q2-update.win32_2.0.0.202105311346/tools/bin/../lib/gcc/arm-none-eabi/9.3.1/../../../../arm-none-eabi/lib/thumb/v7e-m+fp/hard/crt0.o
LOAD ./Core/Lib/STLibs/PWM/pwm.o
LOAD ./Core/Lib/STLibs/STLib.o
LOAD ./Core/Lib/STLibs/Servo/Servo.o
LOAD ./Core/Src/main.o
LOAD ./Core/Src/stm32f4xx_hal_msp.o
LOAD ./Core/Src/stm32f4xx_it.o
LOAD ./Core/Src/syscalls.o
LOAD ./Core/Src/sysmem.o
LOAD ./Core/Src/system_stm32f4xx.o
LOAD ./Core/Startup/startup_stm32f401retx.o
LOAD ./Drivers/STM32F4xx_HAL_Driver/Src/stm32f4xx_hal.o
LOAD ./Drivers/STM32F4xx_HAL_Driver/Src/stm32f4xx_hal_cortex.o
LOAD ./Drivers/STM32F4xx_HAL_Driver/Src/stm32f4xx_hal_dma.o
LOAD ./Drivers/STM32F4xx_HAL_Driver/Src/stm32f4xx_hal_dma_ex.o
LOAD ./Drivers/STM32F4xx_HAL_Driver/Src/stm32f4xx_hal_exti.o
LOAD ./Drivers/STM32F4xx_HAL_Driver/Src/stm32f4xx_hal_flash.o
LOAD ./Drivers/STM32F4xx_HAL_Driver/Src/stm32f4xx_hal_flash_ex.o
LOAD ./Drivers/STM32F4xx_HAL_Driver/Src/stm32f4xx_hal_flash_ramfunc.o
LOAD ./Drivers/STM32F4xx_HAL_Driver/Src/stm32f4xx_hal_gpio.o
LOAD ./Drivers/STM32F4xx_HAL_Driver/Src/stm32f4xx_hal_pwr.o
LOAD ./Drivers/STM32F4xx_HAL_Driver/Src/stm32f4xx_hal_pwr_ex.o
LOAD ./Drivers/STM32F4xx_HAL_Driver/Src/stm32f4xx_hal_rcc.o
LOAD ./Drivers/STM32F4xx_HAL_Driver/Src/stm32f4xx_hal_rcc_ex.o
LOAD ./Drivers/STM32F4xx_HAL_Driver/Src/stm32f4xx_hal_tim.o
LOAD ./Drivers/STM32F4xx_HAL_Driver/Src/stm32f4xx_hal_tim_ex.o
START GROUP
LOAD c:/st/stm32cubeide_1.7.0/stm32cubeide/plugins/com.st.stm32cube.ide.mcu.externaltools.gnu-tools-for-stm32.9-2020-q2-update.win32_2.0.0.202105311346/tools/bin/../lib/gcc/arm-none-eabi/9.3.1/../../../../arm-none-eabi/lib/thumb/v7e-m+fp/hard\libc_nano.a
LOAD c:/st/stm32cubeide_1.7.0/stm32cubeide/plugins/com.st.stm32cube.ide.mcu.externaltools.gnu-tools-for-stm32.9-2020-q2-update.win32_2.0.0.202105311346/tools/bin/../lib/gcc/arm-none-eabi/9.3.1/../../../../arm-none-eabi/lib/thumb/v7e-m+fp/hard\libm.a
END GROUP
START GROUP
LOAD c:/st/stm32cubeide_1.7.0/stm32cubeide/plugins/com.st.stm32cube.ide.mcu.externaltools.gnu-tools-for-stm32.9-2020-q2-update.win32_2.0.0.202105311346/tools/bin/../lib/gcc/arm-none-eabi/9.3.1/thumb/v7e-m+fp/hard\libgcc.a
LOAD c:/st/stm32cubeide_1.7.0/stm32cubeide/plugins/com.st.stm32cube.ide.mcu.externaltools.gnu-tools-for-stm32.9-2020-q2-update.win32_2.0.0.202105311346/tools/bin/../lib/gcc/arm-none-eabi/9.3.1/../../../../arm-none-eabi/lib/thumb/v7e-m+fp/hard\libc_nano.a
END GROUP
START GROUP
LOAD c:/st/stm32cubeide_1.7.0/stm32cubeide/plugins/com.st.stm32cube.ide.mcu.externaltools.gnu-tools-for-stm32.9-2020-q2-update.win32_2.0.0.202105311346/tools/bin/../lib/gcc/arm-none-eabi/9.3.1/thumb/v7e-m+fp/hard\libgcc.a
LOAD c:/st/stm32cubeide_1.7.0/stm32cubeide/plugins/com.st.stm32cube.ide.mcu.externaltools.gnu-tools-for-stm32.9-2020-q2-update.win32_2.0.0.202105311346/tools/bin/../lib/gcc/arm-none-eabi/9.3.1/../../../../arm-none-eabi/lib/thumb/v7e-m+fp/hard\libc_nano.a
LOAD c:/st/stm32cubeide_1.7.0/stm32cubeide/plugins/com.st.stm32cube.ide.mcu.externaltools.gnu-tools-for-stm32.9-2020-q2-update.win32_2.0.0.202105311346/tools/bin/../lib/gcc/arm-none-eabi/9.3.1/../../../../arm-none-eabi/lib/thumb/v7e-m+fp/hard\libnosys.a
END GROUP
START GROUP
LOAD c:/st/stm32cubeide_1.7.0/stm32cubeide/plugins/com.st.stm32cube.ide.mcu.externaltools.gnu-tools-for-stm32.9-2020-q2-update.win32_2.0.0.202105311346/tools/bin/../lib/gcc/arm-none-eabi/9.3.1/thumb/v7e-m+fp/hard\libgcc.a
LOAD c:/st/stm32cubeide_1.7.0/stm32cubeide/plugins/com.st.stm32cube.ide.mcu.externaltools.gnu-tools-for-stm32.9-2020-q2-update.win32_2.0.0.202105311346/tools/bin/../lib/gcc/arm-none-eabi/9.3.1/../../../../arm-none-eabi/lib/thumb/v7e-m+fp/hard\libc_nano.a
LOAD c:/st/stm32cubeide_1.7.0/stm32cubeide/plugins/com.st.stm32cube.ide.mcu.externaltools.gnu-tools-for-stm32.9-2020-q2-update.win32_2.0.0.202105311346/tools/bin/../lib/gcc/arm-none-eabi/9.3.1/../../../../arm-none-eabi/lib/thumb/v7e-m+fp/hard\libnosys.a
END GROUP
LOAD c:/st/stm32cubeide_1.7.0/stm32cubeide/plugins/com.st.stm32cube.ide.mcu.externaltools.gnu-tools-for-stm32.9-2020-q2-update.win32_2.0.0.202105311346/tools/bin/../lib/gcc/arm-none-eabi/9.3.1/thumb/v7e-m+fp/hard/crtend.o
LOAD c:/st/stm32cubeide_1.7.0/stm32cubeide/plugins/com.st.stm32cube.ide.mcu.externaltools.gnu-tools-for-stm32.9-2020-q2-update.win32_2.0.0.202105311346/tools/bin/../lib/gcc/arm-none-eabi/9.3.1/thumb/v7e-m+fp/hard/crtn.o
                0x0000000020018000                _estack = (ORIGIN (RAM) + LENGTH (RAM))
                0x0000000000000200                _Min_Heap_Size = 0x200
                0x0000000000000400                _Min_Stack_Size = 0x400

.isr_vector     0x0000000008000000      0x194
                0x0000000008000000                . = ALIGN (0x4)
 *(.isr_vector)
 .isr_vector    0x0000000008000000      0x194 ./Core/Startup/startup_stm32f401retx.o
                0x0000000008000000                g_pfnVectors
                0x0000000008000194                . = ALIGN (0x4)

.text           0x0000000008000194     0x2270
                0x0000000008000194                . = ALIGN (0x4)
 *(.text)
 .text          0x0000000008000194       0x40 c:/st/stm32cubeide_1.7.0/stm32cubeide/plugins/com.st.stm32cube.ide.mcu.externaltools.gnu-tools-for-stm32.9-2020-q2-update.win32_2.0.0.202105311346/tools/bin/../lib/gcc/arm-none-eabi/9.3.1/thumb/v7e-m+fp/hard/crtbegin.o
 .text          0x00000000080001d4       0x30 c:/st/stm32cubeide_1.7.0/stm32cubeide/plugins/com.st.stm32cube.ide.mcu.externaltools.gnu-tools-for-stm32.9-2020-q2-update.win32_2.0.0.202105311346/tools/bin/../lib/gcc/arm-none-eabi/9.3.1/thumb/v7e-m+fp/hard\libgcc.a(_aeabi_uldivmod.o)
                0x00000000080001d4                __aeabi_uldivmod
 .text          0x0000000008000204      0x2c4 c:/st/stm32cubeide_1.7.0/stm32cubeide/plugins/com.st.stm32cube.ide.mcu.externaltools.gnu-tools-for-stm32.9-2020-q2-update.win32_2.0.0.202105311346/tools/bin/../lib/gcc/arm-none-eabi/9.3.1/thumb/v7e-m+fp/hard\libgcc.a(_udivmoddi4.o)
                0x0000000008000204                __udivmoddi4
 .text          0x00000000080004c8        0x4 c:/st/stm32cubeide_1.7.0/stm32cubeide/plugins/com.st.stm32cube.ide.mcu.externaltools.gnu-tools-for-stm32.9-2020-q2-update.win32_2.0.0.202105311346/tools/bin/../lib/gcc/arm-none-eabi/9.3.1/thumb/v7e-m+fp/hard\libgcc.a(_dvmd_tls.o)
                0x00000000080004c8                __aeabi_idiv0
                0x00000000080004c8                __aeabi_ldiv0
 *(.text*)
 .text.FRQ_CALCULATOR
                0x00000000080004cc       0x34 ./Core/Lib/STLibs/PWM/pwm.o
                0x00000000080004cc                FRQ_CALCULATOR
 .text.TIM_EN   0x0000000008000500       0x48 ./Core/Lib/STLibs/PWM/pwm.o
                0x0000000008000500                TIM_EN
 .text.DWT_Init
                0x0000000008000548       0x38 ./Core/Lib/STLibs/STLib.o
                0x0000000008000548                DWT_Init
 .text.delta    0x0000000008000580       0x1c ./Core/Lib/STLibs/STLib.o
 .text.delay_ms
                0x000000000800059c       0x50 ./Core/Lib/STLibs/STLib.o
                0x000000000800059c                delay_ms
 .text.servo_init
                0x00000000080005ec      0x184 ./Core/Lib/STLibs/Servo/Servo.o
                0x00000000080005ec                servo_init
 .text.servo_set_angle
                0x0000000008000770      0x1c4 ./Core/Lib/STLibs/Servo/Servo.o
                0x0000000008000770                servo_set_angle
 .text.main     0x0000000008000934       0x68 ./Core/Src/main.o
                0x0000000008000934                main
 .text.SystemClock_Config
                0x000000000800099c       0xc0 ./Core/Src/main.o
                0x000000000800099c                SystemClock_Config
 .text.MX_TIM1_Init
                0x0000000008000a5c      0x108 ./Core/Src/main.o
 .text.MX_GPIO_Init
                0x0000000008000b64       0x88 ./Core/Src/main.o
 .text.Error_Handler
                0x0000000008000bec        0xa ./Core/Src/main.o
                0x0000000008000bec                Error_Handler
 *fill*         0x0000000008000bf6        0x2 
 .text.HAL_MspInit
                0x0000000008000bf8       0x50 ./Core/Src/stm32f4xx_hal_msp.o
                0x0000000008000bf8                HAL_MspInit
 .text.HAL_TIM_PWM_MspInit
                0x0000000008000c48       0x44 ./Core/Src/stm32f4xx_hal_msp.o
                0x0000000008000c48                HAL_TIM_PWM_MspInit
 .text.HAL_TIM_MspPostInit
                0x0000000008000c8c       0x74 ./Core/Src/stm32f4xx_hal_msp.o
                0x0000000008000c8c                HAL_TIM_MspPostInit
 .text.NMI_Handler
                0x0000000008000d00        0x6 ./Core/Src/stm32f4xx_it.o
                0x0000000008000d00                NMI_Handler
 .text.HardFault_Handler
                0x0000000008000d06        0x6 ./Core/Src/stm32f4xx_it.o
                0x0000000008000d06                HardFault_Handler
 .text.MemManage_Handler
                0x0000000008000d0c        0x6 ./Core/Src/stm32f4xx_it.o
                0x0000000008000d0c                MemManage_Handler
 .text.BusFault_Handler
                0x0000000008000d12        0x6 ./Core/Src/stm32f4xx_it.o
                0x0000000008000d12                BusFault_Handler
 .text.UsageFault_Handler
                0x0000000008000d18        0x6 ./Core/Src/stm32f4xx_it.o
                0x0000000008000d18                UsageFault_Handler
 .text.SVC_Handler
                0x0000000008000d1e        0xe ./Core/Src/stm32f4xx_it.o
                0x0000000008000d1e                SVC_Handler
 .text.DebugMon_Handler
                0x0000000008000d2c        0xe ./Core/Src/stm32f4xx_it.o
                0x0000000008000d2c                DebugMon_Handler
 .text.PendSV_Handler
                0x0000000008000d3a        0xe ./Core/Src/stm32f4xx_it.o
                0x0000000008000d3a                PendSV_Handler
 .text.SysTick_Handler
                0x0000000008000d48        0xc ./Core/Src/stm32f4xx_it.o
                0x0000000008000d48                SysTick_Handler
 .text.SystemInit
                0x0000000008000d54       0x24 ./Core/Src/system_stm32f4xx.o
                0x0000000008000d54                SystemInit
 .text.Reset_Handler
                0x0000000008000d78       0x50 ./Core/Startup/startup_stm32f401retx.o
                0x0000000008000d78                Reset_Handler
 .text.Default_Handler
                0x0000000008000dc8        0x2 ./Core/Startup/startup_stm32f401retx.o
                0x0000000008000dc8                RTC_Alarm_IRQHandler
                0x0000000008000dc8                EXTI2_IRQHandler
                0x0000000008000dc8                SPI4_IRQHandler
                0x0000000008000dc8                TIM1_CC_IRQHandler
                0x0000000008000dc8                DMA2_Stream5_IRQHandler
                0x0000000008000dc8                DMA1_Stream5_IRQHandler
                0x0000000008000dc8                PVD_IRQHandler
                0x0000000008000dc8                SDIO_IRQHandler
                0x0000000008000dc8                TAMP_STAMP_IRQHandler
                0x0000000008000dc8                EXTI3_IRQHandler
                0x0000000008000dc8                TIM1_UP_TIM10_IRQHandler
                0x0000000008000dc8                I2C3_ER_IRQHandler
                0x0000000008000dc8                EXTI0_IRQHandler
                0x0000000008000dc8                I2C2_EV_IRQHandler
                0x0000000008000dc8                DMA1_Stream2_IRQHandler
                0x0000000008000dc8                FPU_IRQHandler
                0x0000000008000dc8                DMA2_Stream2_IRQHandler
                0x0000000008000dc8                SPI1_IRQHandler
                0x0000000008000dc8                TIM1_BRK_TIM9_IRQHandler
                0x0000000008000dc8                DMA2_Stream3_IRQHandler
                0x0000000008000dc8                USART6_IRQHandler
                0x0000000008000dc8                DMA2_Stream0_IRQHandler
                0x0000000008000dc8                TIM4_IRQHandler
                0x0000000008000dc8                I2C1_EV_IRQHandler
                0x0000000008000dc8                DMA1_Stream6_IRQHandler
                0x0000000008000dc8                DMA1_Stream1_IRQHandler
                0x0000000008000dc8                TIM3_IRQHandler
                0x0000000008000dc8                RCC_IRQHandler
                0x0000000008000dc8                Default_Handler
                0x0000000008000dc8                EXTI15_10_IRQHandler
                0x0000000008000dc8                ADC_IRQHandler
                0x0000000008000dc8                DMA1_Stream7_IRQHandler
                0x0000000008000dc8                TIM5_IRQHandler
                0x0000000008000dc8                DMA2_Stream7_IRQHandler
                0x0000000008000dc8                I2C3_EV_IRQHandler
                0x0000000008000dc8                EXTI9_5_IRQHandler
                0x0000000008000dc8                RTC_WKUP_IRQHandler
                0x0000000008000dc8                SPI2_IRQHandler
                0x0000000008000dc8                DMA1_Stream0_IRQHandler
                0x0000000008000dc8                EXTI4_IRQHandler
                0x0000000008000dc8                WWDG_IRQHandler
                0x0000000008000dc8                TIM2_IRQHandler
                0x0000000008000dc8                OTG_FS_WKUP_IRQHandler
                0x0000000008000dc8                TIM1_TRG_COM_TIM11_IRQHandler
                0x0000000008000dc8                EXTI1_IRQHandler
                0x0000000008000dc8                USART2_IRQHandler
                0x0000000008000dc8                I2C2_ER_IRQHandler
                0x0000000008000dc8                DMA2_Stream1_IRQHandler
                0x0000000008000dc8                FLASH_IRQHandler
                0x0000000008000dc8                DMA2_Stream4_IRQHandler
                0x0000000008000dc8                USART1_IRQHandler
                0x0000000008000dc8                OTG_FS_IRQHandler
                0x0000000008000dc8                SPI3_IRQHandler
                0x0000000008000dc8                DMA1_Stream4_IRQHandler
                0x0000000008000dc8                I2C1_ER_IRQHandler
                0x0000000008000dc8                DMA2_Stream6_IRQHandler
                0x0000000008000dc8                DMA1_Stream3_IRQHandler
 *fill*         0x0000000008000dca        0x2 
 .text.HAL_Init
                0x0000000008000dcc       0x44 ./Drivers/STM32F4xx_HAL_Driver/Src/stm32f4xx_hal.o
                0x0000000008000dcc                HAL_Init
 .text.HAL_InitTick
                0x0000000008000e10       0x60 ./Drivers/STM32F4xx_HAL_Driver/Src/stm32f4xx_hal.o
                0x0000000008000e10                HAL_InitTick
 .text.HAL_IncTick
                0x0000000008000e70       0x28 ./Drivers/STM32F4xx_HAL_Driver/Src/stm32f4xx_hal.o
                0x0000000008000e70                HAL_IncTick
 .text.HAL_GetTick
                0x0000000008000e98       0x18 ./Drivers/STM32F4xx_HAL_Driver/Src/stm32f4xx_hal.o
                0x0000000008000e98                HAL_GetTick
 .text.__NVIC_SetPriorityGrouping
                0x0000000008000eb0       0x48 ./Drivers/STM32F4xx_HAL_Driver/Src/stm32f4xx_hal_cortex.o
 .text.__NVIC_GetPriorityGrouping
                0x0000000008000ef8       0x1c ./Drivers/STM32F4xx_HAL_Driver/Src/stm32f4xx_hal_cortex.o
 .text.__NVIC_SetPriority
                0x0000000008000f14       0x54 ./Drivers/STM32F4xx_HAL_Driver/Src/stm32f4xx_hal_cortex.o
 .text.NVIC_EncodePriority
                0x0000000008000f68       0x66 ./Drivers/STM32F4xx_HAL_Driver/Src/stm32f4xx_hal_cortex.o
 *fill*         0x0000000008000fce        0x2 
 .text.SysTick_Config
                0x0000000008000fd0       0x44 ./Drivers/STM32F4xx_HAL_Driver/Src/stm32f4xx_hal_cortex.o
 .text.HAL_NVIC_SetPriorityGrouping
                0x0000000008001014       0x16 ./Drivers/STM32F4xx_HAL_Driver/Src/stm32f4xx_hal_cortex.o
                0x0000000008001014                HAL_NVIC_SetPriorityGrouping
 .text.HAL_NVIC_SetPriority
                0x000000000800102a       0x38 ./Drivers/STM32F4xx_HAL_Driver/Src/stm32f4xx_hal_cortex.o
                0x000000000800102a                HAL_NVIC_SetPriority
 .text.HAL_SYSTICK_Config
                0x0000000008001062       0x18 ./Drivers/STM32F4xx_HAL_Driver/Src/stm32f4xx_hal_cortex.o
                0x0000000008001062                HAL_SYSTICK_Config
 *fill*         0x000000000800107a        0x2 
 .text.HAL_GPIO_Init
                0x000000000800107c      0x308 ./Drivers/STM32F4xx_HAL_Driver/Src/stm32f4xx_hal_gpio.o
                0x000000000800107c                HAL_GPIO_Init
 .text.HAL_GPIO_WritePin
                0x0000000008001384       0x32 ./Drivers/STM32F4xx_HAL_Driver/Src/stm32f4xx_hal_gpio.o
                0x0000000008001384                HAL_GPIO_WritePin
 *fill*         0x00000000080013b6        0x2 
 .text.HAL_RCC_OscConfig
                0x00000000080013b8      0x4f0 ./Drivers/STM32F4xx_HAL_Driver/Src/stm32f4xx_hal_rcc.o
                0x00000000080013b8                HAL_RCC_OscConfig
 .text.HAL_RCC_ClockConfig
                0x00000000080018a8      0x1cc ./Drivers/STM32F4xx_HAL_Driver/Src/stm32f4xx_hal_rcc.o
                0x00000000080018a8                HAL_RCC_ClockConfig
 .text.HAL_RCC_GetSysClockFreq
                0x0000000008001a74      0x16c ./Drivers/STM32F4xx_HAL_Driver/Src/stm32f4xx_hal_rcc.o
                0x0000000008001a74                HAL_RCC_GetSysClockFreq
 .text.HAL_TIM_PWM_Init
                0x0000000008001be0       0x9e ./Drivers/STM32F4xx_HAL_Driver/Src/stm32f4xx_hal_tim.o
                0x0000000008001be0                HAL_TIM_PWM_Init
 *fill*         0x0000000008001c7e        0x2 
 .text.HAL_TIM_PWM_ConfigChannel
                0x0000000008001c80      0x17c ./Drivers/STM32F4xx_HAL_Driver/Src/stm32f4xx_hal_tim.o
                0x0000000008001c80                HAL_TIM_PWM_ConfigChannel
 .text.TIM_Base_SetConfig
                0x0000000008001dfc      0x100 ./Drivers/STM32F4xx_HAL_Driver/Src/stm32f4xx_hal_tim.o
                0x0000000008001dfc                TIM_Base_SetConfig
 .text.TIM_OC1_SetConfig
                0x0000000008001efc       0xcc ./Drivers/STM32F4xx_HAL_Driver/Src/stm32f4xx_hal_tim.o
 .text.TIM_OC2_SetConfig
                0x0000000008001fc8       0xd8 ./Drivers/STM32F4xx_HAL_Driver/Src/stm32f4xx_hal_tim.o
                0x0000000008001fc8                TIM_OC2_SetConfig
 .text.TIM_OC3_SetConfig
                0x00000000080020a0       0xd4 ./Drivers/STM32F4xx_HAL_Driver/Src/stm32f4xx_hal_tim.o
 .text.TIM_OC4_SetConfig
                0x0000000008002174       0xa0 ./Drivers/STM32F4xx_HAL_Driver/Src/stm32f4xx_hal_tim.o
 .text.HAL_TIMEx_MasterConfigSynchronization
                0x0000000008002214       0xdc ./Drivers/STM32F4xx_HAL_Driver/Src/stm32f4xx_hal_tim_ex.o
                0x0000000008002214                HAL_TIMEx_MasterConfigSynchronization
 .text.HAL_TIMEx_ConfigBreakDeadTime
                0x00000000080022f0       0xa4 ./Drivers/STM32F4xx_HAL_Driver/Src/stm32f4xx_hal_tim_ex.o
                0x00000000080022f0                HAL_TIMEx_ConfigBreakDeadTime
 .text.__libc_init_array
                0x0000000008002394       0x48 c:/st/stm32cubeide_1.7.0/stm32cubeide/plugins/com.st.stm32cube.ide.mcu.externaltools.gnu-tools-for-stm32.9-2020-q2-update.win32_2.0.0.202105311346/tools/bin/../lib/gcc/arm-none-eabi/9.3.1/../../../../arm-none-eabi/lib/thumb/v7e-m+fp/hard\libc_nano.a(lib_a-init.o)
                0x0000000008002394                __libc_init_array
 .text.memset   0x00000000080023dc       0x10 c:/st/stm32cubeide_1.7.0/stm32cubeide/plugins/com.st.stm32cube.ide.mcu.externaltools.gnu-tools-for-stm32.9-2020-q2-update.win32_2.0.0.202105311346/tools/bin/../lib/gcc/arm-none-eabi/9.3.1/../../../../arm-none-eabi/lib/thumb/v7e-m+fp/hard\libc_nano.a(lib_a-memset.o)
                0x00000000080023dc                memset
 *(.glue_7)
 .glue_7        0x00000000080023ec        0x0 linker stubs
 *(.glue_7t)
 .glue_7t       0x00000000080023ec        0x0 linker stubs
 *(.eh_frame)
 .eh_frame      0x00000000080023ec        0x0 c:/st/stm32cubeide_1.7.0/stm32cubeide/plugins/com.st.stm32cube.ide.mcu.externaltools.gnu-tools-for-stm32.9-2020-q2-update.win32_2.0.0.202105311346/tools/bin/../lib/gcc/arm-none-eabi/9.3.1/thumb/v7e-m+fp/hard/crtbegin.o
 *(.init)
 .init          0x00000000080023ec        0x4 c:/st/stm32cubeide_1.7.0/stm32cubeide/plugins/com.st.stm32cube.ide.mcu.externaltools.gnu-tools-for-stm32.9-2020-q2-update.win32_2.0.0.202105311346/tools/bin/../lib/gcc/arm-none-eabi/9.3.1/thumb/v7e-m+fp/hard/crti.o
                0x00000000080023ec                _init
 .init          0x00000000080023f0        0x8 c:/st/stm32cubeide_1.7.0/stm32cubeide/plugins/com.st.stm32cube.ide.mcu.externaltools.gnu-tools-for-stm32.9-2020-q2-update.win32_2.0.0.202105311346/tools/bin/../lib/gcc/arm-none-eabi/9.3.1/thumb/v7e-m+fp/hard/crtn.o
 *(.fini)
 .fini          0x00000000080023f8        0x4 c:/st/stm32cubeide_1.7.0/stm32cubeide/plugins/com.st.stm32cube.ide.mcu.externaltools.gnu-tools-for-stm32.9-2020-q2-update.win32_2.0.0.202105311346/tools/bin/../lib/gcc/arm-none-eabi/9.3.1/thumb/v7e-m+fp/hard/crti.o
                0x00000000080023f8                _fini
 .fini          0x00000000080023fc        0x8 c:/st/stm32cubeide_1.7.0/stm32cubeide/plugins/com.st.stm32cube.ide.mcu.externaltools.gnu-tools-for-stm32.9-2020-q2-update.win32_2.0.0.202105311346/tools/bin/../lib/gcc/arm-none-eabi/9.3.1/thumb/v7e-m+fp/hard/crtn.o
                0x0000000008002404                . = ALIGN (0x4)
                0x0000000008002404                _etext = .

.vfp11_veneer   0x0000000008002404        0x0
 .vfp11_veneer  0x0000000008002404        0x0 linker stubs

.v4_bx          0x0000000008002404        0x0
 .v4_bx         0x0000000008002404        0x0 linker stubs

.iplt           0x0000000008002404        0x0
 .iplt          0x0000000008002404        0x0 c:/st/stm32cubeide_1.7.0/stm32cubeide/plugins/com.st.stm32cube.ide.mcu.externaltools.gnu-tools-for-stm32.9-2020-q2-update.win32_2.0.0.202105311346/tools/bin/../lib/gcc/arm-none-eabi/9.3.1/thumb/v7e-m+fp/hard/crtbegin.o

.rodata         0x0000000008002404       0x10
                0x0000000008002404                . = ALIGN (0x4)
 *(.rodata)
 *(.rodata*)
 .rodata.AHBPrescTable
                0x0000000008002404       0x10 ./Core/Src/system_stm32f4xx.o
                0x0000000008002404                AHBPrescTable
                0x0000000008002414                . = ALIGN (0x4)

.ARM.extab      0x0000000008002414        0x0
                0x0000000008002414                . = ALIGN (0x4)
 *(.ARM.extab* .gnu.linkonce.armextab.*)
                0x0000000008002414                . = ALIGN (0x4)

.ARM            0x0000000008002414        0x8
                0x0000000008002414                . = ALIGN (0x4)
                0x0000000008002414                __exidx_start = .
 *(.ARM.exidx*)
 .ARM.exidx     0x0000000008002414        0x8 c:/st/stm32cubeide_1.7.0/stm32cubeide/plugins/com.st.stm32cube.ide.mcu.externaltools.gnu-tools-for-stm32.9-2020-q2-update.win32_2.0.0.202105311346/tools/bin/../lib/gcc/arm-none-eabi/9.3.1/thumb/v7e-m+fp/hard\libgcc.a(_udivmoddi4.o)
                0x000000000800241c                __exidx_end = .
                0x000000000800241c                . = ALIGN (0x4)

.rel.dyn        0x000000000800241c        0x0
 .rel.iplt      0x000000000800241c        0x0 c:/st/stm32cubeide_1.7.0/stm32cubeide/plugins/com.st.stm32cube.ide.mcu.externaltools.gnu-tools-for-stm32.9-2020-q2-update.win32_2.0.0.202105311346/tools/bin/../lib/gcc/arm-none-eabi/9.3.1/thumb/v7e-m+fp/hard/crtbegin.o

.preinit_array  0x000000000800241c        0x0
                0x000000000800241c                . = ALIGN (0x4)
                0x000000000800241c                PROVIDE (__preinit_array_start = .)
 *(.preinit_array*)
                0x000000000800241c                PROVIDE (__preinit_array_end = .)
                0x000000000800241c                . = ALIGN (0x4)

.init_array     0x000000000800241c        0x4
                0x000000000800241c                . = ALIGN (0x4)
                0x000000000800241c                PROVIDE (__init_array_start = .)
 *(SORT_BY_NAME(.init_array.*))
 *(.init_array*)
 .init_array    0x000000000800241c        0x4 c:/st/stm32cubeide_1.7.0/stm32cubeide/plugins/com.st.stm32cube.ide.mcu.externaltools.gnu-tools-for-stm32.9-2020-q2-update.win32_2.0.0.202105311346/tools/bin/../lib/gcc/arm-none-eabi/9.3.1/thumb/v7e-m+fp/hard/crtbegin.o
                0x0000000008002420                PROVIDE (__init_array_end = .)
                0x0000000008002420                . = ALIGN (0x4)

.fini_array     0x0000000008002420        0x4
                0x0000000008002420                . = ALIGN (0x4)
                [!provide]                        PROVIDE (__fini_array_start = .)
 *(SORT_BY_NAME(.fini_array.*))
 *(.fini_array*)
 .fini_array    0x0000000008002420        0x4 c:/st/stm32cubeide_1.7.0/stm32cubeide/plugins/com.st.stm32cube.ide.mcu.externaltools.gnu-tools-for-stm32.9-2020-q2-update.win32_2.0.0.202105311346/tools/bin/../lib/gcc/arm-none-eabi/9.3.1/thumb/v7e-m+fp/hard/crtbegin.o
                [!provide]                        PROVIDE (__fini_array_end = .)
                0x0000000008002424                . = ALIGN (0x4)
                0x0000000008002424                _sidata = LOADADDR (.data)

.data           0x0000000020000000        0xc load address 0x0000000008002424
                0x0000000020000000                . = ALIGN (0x4)
                0x0000000020000000                _sdata = .
 *(.data)
 *(.data*)
 .data.SystemCoreClock
                0x0000000020000000        0x4 ./Core/Src/system_stm32f4xx.o
                0x0000000020000000                SystemCoreClock
 .data.uwTickPrio
                0x0000000020000004        0x4 ./Drivers/STM32F4xx_HAL_Driver/Src/stm32f4xx_hal.o
                0x0000000020000004                uwTickPrio
 .data.uwTickFreq
                0x0000000020000008        0x1 ./Drivers/STM32F4xx_HAL_Driver/Src/stm32f4xx_hal.o
                0x0000000020000008                uwTickFreq
 *(.RamFunc)
 *(.RamFunc*)
                0x000000002000000c                . = ALIGN (0x4)
 *fill*         0x0000000020000009        0x3 
                0x000000002000000c                _edata = .

.igot.plt       0x000000002000000c        0x0 load address 0x0000000008002430
 .igot.plt      0x000000002000000c        0x0 c:/st/stm32cubeide_1.7.0/stm32cubeide/plugins/com.st.stm32cube.ide.mcu.externaltools.gnu-tools-for-stm32.9-2020-q2-update.win32_2.0.0.202105311346/tools/bin/../lib/gcc/arm-none-eabi/9.3.1/thumb/v7e-m+fp/hard/crtbegin.o
                0x000000002000000c                . = ALIGN (0x4)

.bss            0x000000002000000c       0x6c load address 0x0000000008002430
                0x000000002000000c                _sbss = .
                0x000000002000000c                __bss_start__ = _sbss
 *(.bss)
 .bss           0x000000002000000c       0x1c c:/st/stm32cubeide_1.7.0/stm32cubeide/plugins/com.st.stm32cube.ide.mcu.externaltools.gnu-tools-for-stm32.9-2020-q2-update.win32_2.0.0.202105311346/tools/bin/../lib/gcc/arm-none-eabi/9.3.1/thumb/v7e-m+fp/hard/crtbegin.o
 *(.bss*)
 *(COMMON)
 COMMON         0x0000000020000028       0x4c ./Core/Src/main.o
                0x0000000020000028                Servo1
                0x000000002000002c                htim1
 COMMON         0x0000000020000074        0x4 ./Drivers/STM32F4xx_HAL_Driver/Src/stm32f4xx_hal.o
                0x0000000020000074                uwTick
                0x0000000020000078                . = ALIGN (0x4)
                0x0000000020000078                _ebss = .
                0x0000000020000078                __bss_end__ = _ebss

._user_heap_stack
                0x0000000020000078      0x600 load address 0x0000000008002430
                0x0000000020000078                . = ALIGN (0x8)
                [!provide]                        PROVIDE (end = .)
                0x0000000020000078                PROVIDE (_end = .)
                0x0000000020000278                . = (. + _Min_Heap_Size)
 *fill*         0x0000000020000078      0x200 
                0x0000000020000678                . = (. + _Min_Stack_Size)
 *fill*         0x0000000020000278      0x400 
                0x0000000020000678                . = ALIGN (0x8)

/DISCARD/
 libc.a(*)
 libm.a(*)
 libgcc.a(*)

.ARM.attributes
                0x0000000000000000       0x30
 *(.ARM.attributes)
 .ARM.attributes
                0x0000000000000000       0x1e c:/st/stm32cubeide_1.7.0/stm32cubeide/plugins/com.st.stm32cube.ide.mcu.externaltools.gnu-tools-for-stm32.9-2020-q2-update.win32_2.0.0.202105311346/tools/bin/../lib/gcc/arm-none-eabi/9.3.1/thumb/v7e-m+fp/hard/crti.o
 .ARM.attributes
                0x000000000000001e       0x34 c:/st/stm32cubeide_1.7.0/stm32cubeide/plugins/com.st.stm32cube.ide.mcu.externaltools.gnu-tools-for-stm32.9-2020-q2-update.win32_2.0.0.202105311346/tools/bin/../lib/gcc/arm-none-eabi/9.3.1/thumb/v7e-m+fp/hard/crtbegin.o
 .ARM.attributes
                0x0000000000000052       0x34 ./Core/Lib/STLibs/PWM/pwm.o
 .ARM.attributes
                0x0000000000000086       0x34 ./Core/Lib/STLibs/STLib.o
 .ARM.attributes
                0x00000000000000ba       0x34 ./Core/Lib/STLibs/Servo/Servo.o
 .ARM.attributes
                0x00000000000000ee       0x34 ./Core/Src/main.o
 .ARM.attributes
                0x0000000000000122       0x34 ./Core/Src/stm32f4xx_hal_msp.o
 .ARM.attributes
                0x0000000000000156       0x34 ./Core/Src/stm32f4xx_it.o
 .ARM.attributes
                0x000000000000018a       0x34 ./Core/Src/system_stm32f4xx.o
 .ARM.attributes
                0x00000000000001be       0x21 ./Core/Startup/startup_stm32f401retx.o
 .ARM.attributes
                0x00000000000001df       0x34 ./Drivers/STM32F4xx_HAL_Driver/Src/stm32f4xx_hal.o
 .ARM.attributes
                0x0000000000000213       0x34 ./Drivers/STM32F4xx_HAL_Driver/Src/stm32f4xx_hal_cortex.o
 .ARM.attributes
                0x0000000000000247       0x34 ./Drivers/STM32F4xx_HAL_Driver/Src/stm32f4xx_hal_gpio.o
 .ARM.attributes
                0x000000000000027b       0x34 ./Drivers/STM32F4xx_HAL_Driver/Src/stm32f4xx_hal_rcc.o
 .ARM.attributes
                0x00000000000002af       0x34 ./Drivers/STM32F4xx_HAL_Driver/Src/stm32f4xx_hal_tim.o
 .ARM.attributes
                0x00000000000002e3       0x34 ./Drivers/STM32F4xx_HAL_Driver/Src/stm32f4xx_hal_tim_ex.o
 .ARM.attributes
                0x0000000000000317       0x34 c:/st/stm32cubeide_1.7.0/stm32cubeide/plugins/com.st.stm32cube.ide.mcu.externaltools.gnu-tools-for-stm32.9-2020-q2-update.win32_2.0.0.202105311346/tools/bin/../lib/gcc/arm-none-eabi/9.3.1/../../../../arm-none-eabi/lib/thumb/v7e-m+fp/hard\libc_nano.a(lib_a-init.o)
 .ARM.attributes
                0x000000000000034b       0x34 c:/st/stm32cubeide_1.7.0/stm32cubeide/plugins/com.st.stm32cube.ide.mcu.externaltools.gnu-tools-for-stm32.9-2020-q2-update.win32_2.0.0.202105311346/tools/bin/../lib/gcc/arm-none-eabi/9.3.1/../../../../arm-none-eabi/lib/thumb/v7e-m+fp/hard\libc_nano.a(lib_a-memset.o)
 .ARM.attributes
                0x000000000000037f       0x1e c:/st/stm32cubeide_1.7.0/stm32cubeide/plugins/com.st.stm32cube.ide.mcu.externaltools.gnu-tools-for-stm32.9-2020-q2-update.win32_2.0.0.202105311346/tools/bin/../lib/gcc/arm-none-eabi/9.3.1/thumb/v7e-m+fp/hard\libgcc.a(_aeabi_uldivmod.o)
 .ARM.attributes
                0x000000000000039d       0x34 c:/st/stm32cubeide_1.7.0/stm32cubeide/plugins/com.st.stm32cube.ide.mcu.externaltools.gnu-tools-for-stm32.9-2020-q2-update.win32_2.0.0.202105311346/tools/bin/../lib/gcc/arm-none-eabi/9.3.1/thumb/v7e-m+fp/hard\libgcc.a(_udivmoddi4.o)
 .ARM.attributes
                0x00000000000003d1       0x1e c:/st/stm32cubeide_1.7.0/stm32cubeide/plugins/com.st.stm32cube.ide.mcu.externaltools.gnu-tools-for-stm32.9-2020-q2-update.win32_2.0.0.202105311346/tools/bin/../lib/gcc/arm-none-eabi/9.3.1/thumb/v7e-m+fp/hard\libgcc.a(_dvmd_tls.o)
 .ARM.attributes
                0x00000000000003ef       0x1e c:/st/stm32cubeide_1.7.0/stm32cubeide/plugins/com.st.stm32cube.ide.mcu.externaltools.gnu-tools-for-stm32.9-2020-q2-update.win32_2.0.0.202105311346/tools/bin/../lib/gcc/arm-none-eabi/9.3.1/thumb/v7e-m+fp/hard/crtn.o
OUTPUT(ServoTest.elf elf32-littlearm)
LOAD linker stubs
LOAD c:/st/stm32cubeide_1.7.0/stm32cubeide/plugins/com.st.stm32cube.ide.mcu.externaltools.gnu-tools-for-stm32.9-2020-q2-update.win32_2.0.0.202105311346/tools/bin/../lib/gcc/arm-none-eabi/9.3.1/../../../../arm-none-eabi/lib/thumb/v7e-m+fp/hard\libc.a
LOAD c:/st/stm32cubeide_1.7.0/stm32cubeide/plugins/com.st.stm32cube.ide.mcu.externaltools.gnu-tools-for-stm32.9-2020-q2-update.win32_2.0.0.202105311346/tools/bin/../lib/gcc/arm-none-eabi/9.3.1/../../../../arm-none-eabi/lib/thumb/v7e-m+fp/hard\libm.a
LOAD c:/st/stm32cubeide_1.7.0/stm32cubeide/plugins/com.st.stm32cube.ide.mcu.externaltools.gnu-tools-for-stm32.9-2020-q2-update.win32_2.0.0.202105311346/tools/bin/../lib/gcc/arm-none-eabi/9.3.1/thumb/v7e-m+fp/hard\libgcc.a

.debug_info     0x0000000000000000     0x98cd
 .debug_info    0x0000000000000000      0x3ee ./Core/Lib/STLibs/PWM/pwm.o
 .debug_info    0x00000000000003ee      0x3ce ./Core/Lib/STLibs/STLib.o
 .debug_info    0x00000000000007bc      0x4cd ./Core/Lib/STLibs/Servo/Servo.o
 .debug_info    0x0000000000000c89      0xfa5 ./Core/Src/main.o
 .debug_info    0x0000000000001c2e      0xb4c ./Core/Src/stm32f4xx_hal_msp.o
 .debug_info    0x000000000000277a      0x222 ./Core/Src/stm32f4xx_it.o
 .debug_info    0x000000000000299c      0x5d0 ./Core/Src/system_stm32f4xx.o
 .debug_info    0x0000000000002f6c       0x22 ./Core/Startup/startup_stm32f401retx.o
 .debug_info    0x0000000000002f8e      0x93d ./Drivers/STM32F4xx_HAL_Driver/Src/stm32f4xx_hal.o
 .debug_info    0x00000000000038cb      0xe41 ./Drivers/STM32F4xx_HAL_Driver/Src/stm32f4xx_hal_cortex.o
 .debug_info    0x000000000000470c      0x862 ./Drivers/STM32F4xx_HAL_Driver/Src/stm32f4xx_hal_gpio.o
 .debug_info    0x0000000000004f6e      0x9bd ./Drivers/STM32F4xx_HAL_Driver/Src/stm32f4xx_hal_rcc.o
 .debug_info    0x000000000000592b     0x2a88 ./Drivers/STM32F4xx_HAL_Driver/Src/stm32f4xx_hal_tim.o
 .debug_info    0x00000000000083b3     0x151a ./Drivers/STM32F4xx_HAL_Driver/Src/stm32f4xx_hal_tim_ex.o

.debug_abbrev   0x0000000000000000     0x1974
 .debug_abbrev  0x0000000000000000      0x1ae ./Core/Lib/STLibs/PWM/pwm.o
 .debug_abbrev  0x00000000000001ae      0x165 ./Core/Lib/STLibs/STLib.o
 .debug_abbrev  0x0000000000000313      0x193 ./Core/Lib/STLibs/Servo/Servo.o
 .debug_abbrev  0x00000000000004a6      0x224 ./Core/Src/main.o
 .debug_abbrev  0x00000000000006ca      0x1db ./Core/Src/stm32f4xx_hal_msp.o
 .debug_abbrev  0x00000000000008a5       0xd2 ./Core/Src/stm32f4xx_it.o
 .debug_abbrev  0x0000000000000977      0x145 ./Core/Src/system_stm32f4xx.o
 .debug_abbrev  0x0000000000000abc       0x12 ./Core/Startup/startup_stm32f401retx.o
 .debug_abbrev  0x0000000000000ace      0x21e ./Drivers/STM32F4xx_HAL_Driver/Src/stm32f4xx_hal.o
 .debug_abbrev  0x0000000000000cec      0x33c ./Drivers/STM32F4xx_HAL_Driver/Src/stm32f4xx_hal_cortex.o
 .debug_abbrev  0x0000000000001028      0x1f1 ./Drivers/STM32F4xx_HAL_Driver/Src/stm32f4xx_hal_gpio.o
 .debug_abbrev  0x0000000000001219      0x275 ./Drivers/STM32F4xx_HAL_Driver/Src/stm32f4xx_hal_rcc.o
 .debug_abbrev  0x000000000000148e      0x26f ./Drivers/STM32F4xx_HAL_Driver/Src/stm32f4xx_hal_tim.o
 .debug_abbrev  0x00000000000016fd      0x277 ./Drivers/STM32F4xx_HAL_Driver/Src/stm32f4xx_hal_tim_ex.o

.debug_aranges  0x0000000000000000      0x9f0
 .debug_aranges
                0x0000000000000000       0x40 ./Core/Lib/STLibs/PWM/pwm.o
 .debug_aranges
                0x0000000000000040       0x38 ./Core/Lib/STLibs/STLib.o
 .debug_aranges
                0x0000000000000078       0x30 ./Core/Lib/STLibs/Servo/Servo.o
 .debug_aranges
                0x00000000000000a8       0x40 ./Core/Src/main.o
 .debug_aranges
                0x00000000000000e8       0x38 ./Core/Src/stm32f4xx_hal_msp.o
 .debug_aranges
                0x0000000000000120       0x60 ./Core/Src/stm32f4xx_it.o
 .debug_aranges
                0x0000000000000180       0x28 ./Core/Src/system_stm32f4xx.o
 .debug_aranges
                0x00000000000001a8       0x28 ./Core/Startup/startup_stm32f401retx.o
 .debug_aranges
                0x00000000000001d0       0xf0 ./Drivers/STM32F4xx_HAL_Driver/Src/stm32f4xx_hal.o
 .debug_aranges
                0x00000000000002c0      0x118 ./Drivers/STM32F4xx_HAL_Driver/Src/stm32f4xx_hal_cortex.o
 .debug_aranges
                0x00000000000003d8       0x58 ./Drivers/STM32F4xx_HAL_Driver/Src/stm32f4xx_hal_gpio.o
 .debug_aranges
                0x0000000000000430       0x88 ./Drivers/STM32F4xx_HAL_Driver/Src/stm32f4xx_hal_rcc.o
 .debug_aranges
                0x00000000000004b8      0x3d0 ./Drivers/STM32F4xx_HAL_Driver/Src/stm32f4xx_hal_tim.o
 .debug_aranges
                0x0000000000000888      0x168 ./Drivers/STM32F4xx_HAL_Driver/Src/stm32f4xx_hal_tim_ex.o

.debug_ranges   0x0000000000000000      0x918
 .debug_ranges  0x0000000000000000       0x30 ./Core/Lib/STLibs/PWM/pwm.o
 .debug_ranges  0x0000000000000030       0x28 ./Core/Lib/STLibs/STLib.o
 .debug_ranges  0x0000000000000058       0x20 ./Core/Lib/STLibs/Servo/Servo.o
 .debug_ranges  0x0000000000000078       0x30 ./Core/Src/main.o
 .debug_ranges  0x00000000000000a8       0x28 ./Core/Src/stm32f4xx_hal_msp.o
 .debug_ranges  0x00000000000000d0       0x50 ./Core/Src/stm32f4xx_it.o
 .debug_ranges  0x0000000000000120       0x18 ./Core/Src/system_stm32f4xx.o
 .debug_ranges  0x0000000000000138       0x20 ./Core/Startup/startup_stm32f401retx.o
 .debug_ranges  0x0000000000000158       0xe0 ./Drivers/STM32F4xx_HAL_Driver/Src/stm32f4xx_hal.o
 .debug_ranges  0x0000000000000238      0x108 ./Drivers/STM32F4xx_HAL_Driver/Src/stm32f4xx_hal_cortex.o
 .debug_ranges  0x0000000000000340       0x48 ./Drivers/STM32F4xx_HAL_Driver/Src/stm32f4xx_hal_gpio.o
 .debug_ranges  0x0000000000000388       0x78 ./Drivers/STM32F4xx_HAL_Driver/Src/stm32f4xx_hal_rcc.o
 .debug_ranges  0x0000000000000400      0x3c0 ./Drivers/STM32F4xx_HAL_Driver/Src/stm32f4xx_hal_tim.o
 .debug_ranges  0x00000000000007c0      0x158 ./Drivers/STM32F4xx_HAL_Driver/Src/stm32f4xx_hal_tim_ex.o

.debug_macro    0x0000000000000000    0x154f6
 .debug_macro   0x0000000000000000      0x1e9 ./Core/Lib/STLibs/PWM/pwm.o
 .debug_macro   0x00000000000001e9      0xaa8 ./Core/Lib/STLibs/PWM/pwm.o
 .debug_macro   0x0000000000000c91       0x3a ./Core/Lib/STLibs/PWM/pwm.o
 .debug_macro   0x0000000000000ccb       0x22 ./Core/Lib/STLibs/PWM/pwm.o
 .debug_macro   0x0000000000000ced       0x8e ./Core/Lib/STLibs/PWM/pwm.o
 .debug_macro   0x0000000000000d7b       0x51 ./Core/Lib/STLibs/PWM/pwm.o
 .debug_macro   0x0000000000000dcc      0x103 ./Core/Lib/STLibs/PWM/pwm.o
 .debug_macro   0x0000000000000ecf       0x6a ./Core/Lib/STLibs/PWM/pwm.o
 .debug_macro   0x0000000000000f39      0x1df ./Core/Lib/STLibs/PWM/pwm.o
 .debug_macro   0x0000000000001118       0x2e ./Core/Lib/STLibs/PWM/pwm.o
 .debug_macro   0x0000000000001146       0x28 ./Core/Lib/STLibs/PWM/pwm.o
 .debug_macro   0x000000000000116e       0x1c ./Core/Lib/STLibs/PWM/pwm.o
 .debug_macro   0x000000000000118a       0x22 ./Core/Lib/STLibs/PWM/pwm.o
 .debug_macro   0x00000000000011ac       0xdf ./Core/Lib/STLibs/PWM/pwm.o
 .debug_macro   0x000000000000128b     0x102d ./Core/Lib/STLibs/PWM/pwm.o
 .debug_macro   0x00000000000022b8      0x11f ./Core/Lib/STLibs/PWM/pwm.o
 .debug_macro   0x00000000000023d7     0xb850 ./Core/Lib/STLibs/PWM/pwm.o
 .debug_macro   0x000000000000dc27       0x43 ./Core/Lib/STLibs/PWM/pwm.o
 .debug_macro   0x000000000000dc6a      0x295 ./Core/Lib/STLibs/PWM/pwm.o
 .debug_macro   0x000000000000deff     0x3659 ./Core/Lib/STLibs/PWM/pwm.o
 .debug_macro   0x0000000000011558      0x174 ./Core/Lib/STLibs/PWM/pwm.o
 .debug_macro   0x00000000000116cc       0x5c ./Core/Lib/STLibs/PWM/pwm.o
 .debug_macro   0x0000000000011728      0x416 ./Core/Lib/STLibs/PWM/pwm.o
 .debug_macro   0x0000000000011b3e      0x9fe ./Core/Lib/STLibs/PWM/pwm.o
 .debug_macro   0x000000000001253c      0x117 ./Core/Lib/STLibs/PWM/pwm.o
 .debug_macro   0x0000000000012653       0xf8 ./Core/Lib/STLibs/PWM/pwm.o
 .debug_macro   0x000000000001274b       0x82 ./Core/Lib/STLibs/PWM/pwm.o
 .debug_macro   0x00000000000127cd      0x15f ./Core/Lib/STLibs/PWM/pwm.o
 .debug_macro   0x000000000001292c      0x287 ./Core/Lib/STLibs/PWM/pwm.o
 .debug_macro   0x0000000000012bb3       0x5f ./Core/Lib/STLibs/PWM/pwm.o
 .debug_macro   0x0000000000012c12      0x236 ./Core/Lib/STLibs/PWM/pwm.o
 .debug_macro   0x0000000000012e48      0x132 ./Core/Lib/STLibs/PWM/pwm.o
 .debug_macro   0x0000000000012f7a      0x264 ./Core/Lib/STLibs/PWM/pwm.o
 .debug_macro   0x00000000000131de       0x2e ./Core/Lib/STLibs/PWM/pwm.o
 .debug_macro   0x000000000001320c      0x11a ./Core/Lib/STLibs/PWM/pwm.o
 .debug_macro   0x0000000000013326       0x85 ./Core/Lib/STLibs/PWM/pwm.o
 .debug_macro   0x00000000000133ab       0x89 ./Core/Lib/STLibs/PWM/pwm.o
 .debug_macro   0x0000000000013434      0x8d1 ./Core/Lib/STLibs/PWM/pwm.o
 .debug_macro   0x0000000000013d05       0x47 ./Core/Lib/STLibs/PWM/pwm.o
 .debug_macro   0x0000000000013d4c      0x126 ./Core/Lib/STLibs/PWM/pwm.o
 .debug_macro   0x0000000000013e72      0x1e5 ./Core/Lib/STLibs/STLib.o
 .debug_macro   0x0000000000014057      0x1e9 ./Core/Lib/STLibs/Servo/Servo.o
 .debug_macro   0x0000000000014240      0x1ef ./Core/Src/main.o
 .debug_macro   0x000000000001442f       0x3a ./Core/Src/main.o
 .debug_macro   0x0000000000014469      0x1ce ./Core/Src/stm32f4xx_hal_msp.o
 .debug_macro   0x0000000000014637      0x1d8 ./Core/Src/stm32f4xx_it.o
 .debug_macro   0x000000000001480f      0x1c4 ./Core/Src/system_stm32f4xx.o
 .debug_macro   0x00000000000149d3      0x224 ./Drivers/STM32F4xx_HAL_Driver/Src/stm32f4xx_hal.o
 .debug_macro   0x0000000000014bf7      0x1c4 ./Drivers/STM32F4xx_HAL_Driver/Src/stm32f4xx_hal_cortex.o
 .debug_macro   0x0000000000014dbb      0x1ca ./Drivers/STM32F4xx_HAL_Driver/Src/stm32f4xx_hal_gpio.o
 .debug_macro   0x0000000000014f85      0x1e8 ./Drivers/STM32F4xx_HAL_Driver/Src/stm32f4xx_hal_rcc.o
 .debug_macro   0x000000000001516d      0x1c5 ./Drivers/STM32F4xx_HAL_Driver/Src/stm32f4xx_hal_tim.o
 .debug_macro   0x0000000000015332      0x1c4 ./Drivers/STM32F4xx_HAL_Driver/Src/stm32f4xx_hal_tim_ex.o

.debug_line     0x0000000000000000     0xb375
 .debug_line    0x0000000000000000      0x86b ./Core/Lib/STLibs/PWM/pwm.o
 .debug_line    0x000000000000086b      0x7ca ./Core/Lib/STLibs/STLib.o
 .debug_line    0x0000000000001035      0x9ab ./Core/Lib/STLibs/Servo/Servo.o
 .debug_line    0x00000000000019e0      0x8ff ./Core/Src/main.o
 .debug_line    0x00000000000022df      0x716 ./Core/Src/stm32f4xx_hal_msp.o
 .debug_line    0x00000000000029f5      0x771 ./Core/Src/stm32f4xx_it.o
 .debug_line    0x0000000000003166      0x730 ./Core/Src/system_stm32f4xx.o
 .debug_line    0x0000000000003896       0x88 ./Core/Startup/startup_stm32f401retx.o
 .debug_line    0x000000000000391e      0x996 ./Drivers/STM32F4xx_HAL_Driver/Src/stm32f4xx_hal.o
 .debug_line    0x00000000000042b4      0xc45 ./Drivers/STM32F4xx_HAL_Driver/Src/stm32f4xx_hal_cortex.o
 .debug_line    0x0000000000004ef9      0xad2 ./Drivers/STM32F4xx_HAL_Driver/Src/stm32f4xx_hal_gpio.o
 .debug_line    0x00000000000059cb      0xd10 ./Drivers/STM32F4xx_HAL_Driver/Src/stm32f4xx_hal_rcc.o
 .debug_line    0x00000000000066db     0x339c ./Drivers/STM32F4xx_HAL_Driver/Src/stm32f4xx_hal_tim.o
 .debug_line    0x0000000000009a77     0x18fe ./Drivers/STM32F4xx_HAL_Driver/Src/stm32f4xx_hal_tim_ex.o

.debug_str      0x0000000000000000    0x868db
 .debug_str     0x0000000000000000    0x83901 ./Core/Lib/STLibs/PWM/pwm.o
                                      0x83bc0 (size before relaxing)
 .debug_str     0x0000000000083901       0xed ./Core/Lib/STLibs/STLib.o
                                      0x83bcb (size before relaxing)
 .debug_str     0x00000000000839ee      0x156 ./Core/Lib/STLibs/Servo/Servo.o
                                      0x83c8f (size before relaxing)
 .debug_str     0x0000000000083b44      0x8dd ./Core/Src/main.o
                                      0x84561 (size before relaxing)
 .debug_str     0x0000000000084421       0x78 ./Core/Src/stm32f4xx_hal_msp.o
                                      0x840fb (size before relaxing)
 .debug_str     0x0000000000084499       0xbd ./Core/Src/stm32f4xx_it.o
                                      0x83a8e (size before relaxing)
 .debug_str     0x0000000000084556       0xaf ./Core/Src/system_stm32f4xx.o
                                      0x83b84 (size before relaxing)
 .debug_str     0x0000000000084605       0x36 ./Core/Startup/startup_stm32f401retx.o
                                         0x72 (size before relaxing)
 .debug_str     0x000000000008463b      0x90a ./Drivers/STM32F4xx_HAL_Driver/Src/stm32f4xx_hal.o
                                      0x84504 (size before relaxing)
 .debug_str     0x0000000000084f45      0x39e ./Drivers/STM32F4xx_HAL_Driver/Src/stm32f4xx_hal_cortex.o
                                      0x842e1 (size before relaxing)
 .debug_str     0x00000000000852e3      0x15f ./Drivers/STM32F4xx_HAL_Driver/Src/stm32f4xx_hal_gpio.o
                                      0x83d2b (size before relaxing)
 .debug_str     0x0000000000085442      0x259 ./Drivers/STM32F4xx_HAL_Driver/Src/stm32f4xx_hal_rcc.o
                                      0x83f86 (size before relaxing)
 .debug_str     0x000000000008569b      0xde6 ./Drivers/STM32F4xx_HAL_Driver/Src/stm32f4xx_hal_tim.o
                                      0x84e9a (size before relaxing)
 .debug_str     0x0000000000086481      0x45a ./Drivers/STM32F4xx_HAL_Driver/Src/stm32f4xx_hal_tim_ex.o
                                      0x8464b (size before relaxing)

.comment        0x0000000000000000       0x53
 .comment       0x0000000000000000       0x53 ./Core/Lib/STLibs/PWM/pwm.o
                                         0x54 (size before relaxing)
 .comment       0x0000000000000053       0x54 ./Core/Lib/STLibs/STLib.o
 .comment       0x0000000000000053       0x54 ./Core/Lib/STLibs/Servo/Servo.o
 .comment       0x0000000000000053       0x54 ./Core/Src/main.o
 .comment       0x0000000000000053       0x54 ./Core/Src/stm32f4xx_hal_msp.o
 .comment       0x0000000000000053       0x54 ./Core/Src/stm32f4xx_it.o
 .comment       0x0000000000000053       0x54 ./Core/Src/system_stm32f4xx.o
 .comment       0x0000000000000053       0x54 ./Drivers/STM32F4xx_HAL_Driver/Src/stm32f4xx_hal.o
 .comment       0x0000000000000053       0x54 ./Drivers/STM32F4xx_HAL_Driver/Src/stm32f4xx_hal_cortex.o
 .comment       0x0000000000000053       0x54 ./Drivers/STM32F4xx_HAL_Driver/Src/stm32f4xx_hal_gpio.o
 .comment       0x0000000000000053       0x54 ./Drivers/STM32F4xx_HAL_Driver/Src/stm32f4xx_hal_rcc.o
 .comment       0x0000000000000053       0x54 ./Drivers/STM32F4xx_HAL_Driver/Src/stm32f4xx_hal_tim.o
 .comment       0x0000000000000053       0x54 ./Drivers/STM32F4xx_HAL_Driver/Src/stm32f4xx_hal_tim_ex.o

.debug_frame    0x0000000000000000     0x2884
 .debug_frame   0x0000000000000000       0xcc ./Core/Lib/STLibs/PWM/pwm.o
 .debug_frame   0x00000000000000cc       0xa0 ./Core/Lib/STLibs/STLib.o
 .debug_frame   0x000000000000016c       0x7c ./Core/Lib/STLibs/Servo/Servo.o
 .debug_frame   0x00000000000001e8       0xb0 ./Core/Src/main.o
 .debug_frame   0x0000000000000298       0xac ./Core/Src/stm32f4xx_hal_msp.o
 .debug_frame   0x0000000000000344      0x104 ./Core/Src/stm32f4xx_it.o
 .debug_frame   0x0000000000000448       0x58 ./Core/Src/system_stm32f4xx.o
 .debug_frame   0x00000000000004a0      0x374 ./Drivers/STM32F4xx_HAL_Driver/Src/stm32f4xx_hal.o
 .debug_frame   0x0000000000000814      0x498 ./Drivers/STM32F4xx_HAL_Driver/Src/stm32f4xx_hal_cortex.o
 .debug_frame   0x0000000000000cac      0x14c ./Drivers/STM32F4xx_HAL_Driver/Src/stm32f4xx_hal_gpio.o
 .debug_frame   0x0000000000000df8      0x1ec ./Drivers/STM32F4xx_HAL_Driver/Src/stm32f4xx_hal_rcc.o
 .debug_frame   0x0000000000000fe4     0x11bc ./Drivers/STM32F4xx_HAL_Driver/Src/stm32f4xx_hal_tim.o
 .debug_frame   0x00000000000021a0      0x638 ./Drivers/STM32F4xx_HAL_Driver/Src/stm32f4xx_hal_tim_ex.o
 .debug_frame   0x00000000000027d8       0x2c c:/st/stm32cubeide_1.7.0/stm32cubeide/plugins/com.st.stm32cube.ide.mcu.externaltools.gnu-tools-for-stm32.9-2020-q2-update.win32_2.0.0.202105311346/tools/bin/../lib/gcc/arm-none-eabi/9.3.1/../../../../arm-none-eabi/lib/thumb/v7e-m+fp/hard\libc_nano.a(lib_a-init.o)
 .debug_frame   0x0000000000002804       0x20 c:/st/stm32cubeide_1.7.0/stm32cubeide/plugins/com.st.stm32cube.ide.mcu.externaltools.gnu-tools-for-stm32.9-2020-q2-update.win32_2.0.0.202105311346/tools/bin/../lib/gcc/arm-none-eabi/9.3.1/../../../../arm-none-eabi/lib/thumb/v7e-m+fp/hard\libc_nano.a(lib_a-memset.o)
 .debug_frame   0x0000000000002824       0x2c c:/st/stm32cubeide_1.7.0/stm32cubeide/plugins/com.st.stm32cube.ide.mcu.externaltools.gnu-tools-for-stm32.9-2020-q2-update.win32_2.0.0.202105311346/tools/bin/../lib/gcc/arm-none-eabi/9.3.1/thumb/v7e-m+fp/hard\libgcc.a(_aeabi_uldivmod.o)
 .debug_frame   0x0000000000002850       0x34 c:/st/stm32cubeide_1.7.0/stm32cubeide/plugins/com.st.stm32cube.ide.mcu.externaltools.gnu-tools-for-stm32.9-2020-q2-update.win32_2.0.0.202105311346/tools/bin/../lib/gcc/arm-none-eabi/9.3.1/thumb/v7e-m+fp/hard\libgcc.a(_udivmoddi4.o)
